#![feature(prelude_import)]
#[prelude_import]
use std::prelude::rust_2021::*;
#[macro_use]
extern crate std;
use heapuse_derive::HeapSize;
#[allow(dead_code)]
#[path = "allowlisting.rs"]
mod allowlisting {
    use heapuse_derive::HeapSize;
    pub struct FullAllow {
        #[heap_size]
        pub field_bool: bool,
        #[heap_size]
        pub field_u8: u8,
        #[heap_size]
        pub field_u16: u16,
        #[heap_size]
        pub field_u32: u32,
        #[heap_size]
        pub field_u64: u64,
        #[heap_size]
        pub field_u128: u128,
        #[heap_size]
        pub field_usize: usize,
        #[heap_size]
        pub field_f32: f32,
        #[heap_size]
        pub field_f64: f64,
    }
    impl ::heapuse::HeapSize for FullAllow {
        fn heap_size(&self) -> usize {
            0 + ::heapuse::HeapSize::heap_size(&self.field_bool)
                + ::heapuse::HeapSize::heap_size(&self.field_u8)
                + ::heapuse::HeapSize::heap_size(&self.field_u16)
                + ::heapuse::HeapSize::heap_size(&self.field_u32)
                + ::heapuse::HeapSize::heap_size(&self.field_u64)
                + ::heapuse::HeapSize::heap_size(&self.field_u128)
                + ::heapuse::HeapSize::heap_size(&self.field_usize)
                + ::heapuse::HeapSize::heap_size(&self.field_f32)
                + ::heapuse::HeapSize::heap_size(&self.field_f64)
        }
    }
    pub struct PartialAllow {
        #[heap_size]
        pub field_bool: bool,
        #[heap_size]
        pub field_u8: u8,
        #[heap_size]
        pub field_u16: u16,
        #[heap_size]
        pub field_u32: u32,
        #[heap_size]
        pub field_u64: u64,
        pub field_u128: u128,
        pub field_usize: usize,
        pub field_f32: f32,
        pub field_f64: f64,
    }
    impl ::heapuse::HeapSize for PartialAllow {
        fn heap_size(&self) -> usize {
            0 + ::heapuse::HeapSize::heap_size(&self.field_bool)
                + ::heapuse::HeapSize::heap_size(&self.field_u8)
                + ::heapuse::HeapSize::heap_size(&self.field_u16)
                + ::heapuse::HeapSize::heap_size(&self.field_u32)
                + ::heapuse::HeapSize::heap_size(&self.field_u64)
        }
    }
    fn main() {}
}
pub struct Unit;
impl ::heapuse::HeapSize for Unit {
    fn heap_size(&self) -> usize {
        0
    }
}
pub struct Tuple1(#[heap_size] allowlisting::FullAllow);
impl ::heapuse::HeapSize for Tuple1 {
    fn heap_size(&self) -> usize {
        0 + ::heapuse::HeapSize::heap_size(&self.0)
    }
}
#[heap_size]
pub struct Tuple2(
    allowlisting::FullAllow,
    #[heap_size(skip)]
    allowlisting::PartialAllow,
);
impl ::heapuse::HeapSize for Tuple2 {
    fn heap_size(&self) -> usize {
        0 + ::heapuse::HeapSize::heap_size(&self.0)
    }
}
fn main() {}
