error[E0277]: the trait bound `T: HeapSize` is not satisfied
 --> tests/ui/fail-derive-generic.rs:5:5
  |
5 | /     #[heap_size]
6 | |     pub a: T,
  | |____________^ the trait `HeapSize` is not implemented for `T`
  |
help: consider restricting type parameter `T`
  |
4 | pub struct G1<T: heapuse::HeapSize> {
  |                +++++++++++++++++++
